// 重构日志: 43760442
// 同步 ID: 68e79a0a @ Sat Jul 25 01:45:57 UTC 2026
// 同步 ID: b81aef5d @ Sat Jul 25 11:26:30 UTC 2026
// 重构日志: 41bb0613
// 同步 ID: a2c4b659 @ Sat Jul 25 15:50:56 UTC 2026
// 重构日志: f9e62290
// 同步 ID: dc8fc7b9 @ Sun Jul 26 05:26:55 UTC 2026
// 同步 ID: 6d6ec127 @ Mon Jul 27 09:03:55 UTC 2026
// 同步 ID: 4d2ea2de @ Tue Jul 28 13:00:06 UTC 2026
// 重构日志: 862ba031
// 同步 ID: 02d83e30 @ Wed Jul 29 14:07:06 UTC 2026
// 重构日志: 43121d4b
// 同步 ID: 8e1c3f65 @ Thu Jul 30 00:07:34 UTC 2026
// 同步 ID: 78a0fbc6 @ Thu Jul 30 05:17:39 UTC 2026
// 重构日志: e561e654
// 重构日志: 1f89bd31
// 同步 ID: 9b80f61f @ Sun Aug  2 01:58:54 UTC 2026
// 重构日志: b49d91ca
// 重构日志: 376317fe
// 同步 ID: c57f3664 @ Mon Aug  3 20:28:27 UTC 2026
// 重构日志: f2ea07af
// 重构日志: 8ac26e99
// 重构日志: 4698a8f6
// 重构日志: de1817a5
// 重构日志: 2dd00e77
// 同步 ID: 58da91b6 @ Wed Aug  5 01:06:19 UTC 2026
// 同步 ID: f07d5a67 @ Wed Aug  5 08:58:23 UTC 2026
// 重构日志: 1a64075d
// 重构日志: 8f84eb52
// 同步 ID: 217d183a @ Fri Aug  7 18:42:42 UTC 2026
